mpu9250_2.c:98:13:MPU9250_OnActivate	4	static
mpu9250_2.c:102:20:MPU9250_Activate	8	static
mpu9250_2.c:108:20:MPU9250_Deactivate	8	static
mpu9250_2.c:113:9:SPIx_WriteRead	32	static
mpu9250_2.c:126:6:MPU_SPI_Write	16	static
mpu9250_2.c:139:6:MPU_SPI_Read	24	static
mpu9250_2.c:149:6:writeRegister	16	static
mpu9250_2.c:156:6:readRegisters	16	static
mpu9250_2.c:161:6:writeAK8963Register	16	static
mpu9250_2.c:177:6:readAK8963Registers	16	static
mpu9250_2.c:196:16:whoAmI	8	static
mpu9250_2.c:205:12:whoAmIAK8963	8	static
mpu9250_2.c:213:9:MPU9250_Init_2	16	static
mpu9250_2.c:308:6:MPU9250_SetAccelRange	16	static
mpu9250_2.c:314:6:MPU9250_SetGyroRange	16	static
mpu9250_2.c:320:6:MPU9250_SetDLPFBandwidth	16	static
mpu9250_2.c:327:6:MPU9250_SetSampleRateDivider	16	static
mpu9250_2.c:370:6:MPU9250_GetData	40	static
